can't set attributes of built-in/extension type Int
