bool
bytearray
bytes
classmethod
complex
dict
enumerate
filter
float
frozenset
int
list
map
memoryview
object
property
range
reversed
set
slice
staticmethod
str
super
tuple()
type
zip
