bestaande_functie expected 0 parameters, but received 1
