Builtin function __truediv__ expected int object but got str object.
